#
# There is insufficient memory for the Java Runtime Environment to continue.
# Native memory allocation (malloc) failed to allocate 1048576 bytes. Error detail: AllocateHeap
# Possible reasons:
#   The system is out of physical RAM or swap space
#   This process is running with CompressedOops enabled, and the Java Heap may be blocking the growth of the native heap
# Possible solutions:
#   Reduce memory load on the system
#   Increase physical memory or swap space
#   Check if swap backing store is full
#   Decrease Java heap size (-Xmx/-Xms)
#   Decrease number of Java threads
#   Decrease Java thread stack sizes (-Xss)
#   Set larger code cache with -XX:ReservedCodeCacheSize=
#   JVM is running with Unscaled Compressed Oops mode in which the Java heap is
#     placed in the first 4GB address space. The Java Heap base address is the
#     maximum limit for the native heap growth. Please use -XX:HeapBaseMinAddress
#     to set the Java Heap base and to place the Java Heap above 4GB virtual address.
# This output file may be truncated or incomplete.
#
#  Out of Memory Error (allocation.cpp:44), pid=3808, tid=12060
#
# JRE version: OpenJDK Runtime Environment Temurin-21.0.10+7 (21.0.10+7) (build 21.0.10+7-LTS)
# Java VM: OpenJDK 64-Bit Server VM Temurin-21.0.10+7 (21.0.10+7-LTS, mixed mode, sharing, tiered, compressed oops, compressed class ptrs, parallel gc, windows-amd64)
# No core dump will be written. Minidumps are not enabled by default on client versions of Windows
#

---------------  S U M M A R Y ------------

Command Line: --add-modules=ALL-SYSTEM --add-opens=java.base/java.util=ALL-UNNAMED --add-opens=java.base/java.lang=ALL-UNNAMED --add-opens=java.base/sun.nio.fs=ALL-UNNAMED -Declipse.application=org.eclipse.jdt.ls.core.id1 -Dosgi.bundles.defaultStartLevel=4 -Declipse.product=org.eclipse.jdt.ls.core.product -Djava.import.generatesMetadataFilesAtProjectRoot=false -DDetectVMInstallationsJob.disabled=true -Dfile.encoding=utf8 -XX:+UseParallelGC -XX:GCTimeRatio=4 -XX:AdaptiveSizePolicyWeight=90 -Dsun.zip.disableMemoryMapping=true -Xmx2G -Xms100m -Xlog:disable -javaagent:c:\Users\obasi\.vscode\extensions\redhat.java-1.54.0-win32-x64\lombok\lombok-1.18.39-4050.jar -XX:+HeapDumpOnOutOfMemoryError -XX:HeapDumpPath=c:\Users\obasi\AppData\Roaming\Code\User\workspaceStorage\3ad57f5d358d6868c594df31e39f6e94\redhat.java -Daether.dependencyCollector.impl=bf c:\Users\obasi\.vscode\extensions\redhat.java-1.54.0-win32-x64\server\plugins\org.eclipse.equinox.launcher_1.7.100.v20251111-0406.jar -configuration c:\Users\obasi\AppData\Roaming\Code\User\globalStorage\redhat.java\1.54.0\config_win -data c:\Users\obasi\AppData\Roaming\Code\User\workspaceStorage\3ad57f5d358d6868c594df31e39f6e94\redhat.java\jdt_ws --pipe=\\.\pipe\lsp-5c587f7dc28e301ee6c280f4135219e1-sock

Host: AMD Ryzen 5 3450U with Radeon Vega Mobile Gfx  , 8 cores, 5G,  Windows 11 , 64 bit Build 26100 (10.0.26100.8246)
Time: Thu May  7 12:34:12 2026 Hora est. Sudamérica Pacífico elapsed time: 667.297258 seconds (0d 0h 11m 7s)

---------------  T H R E A D  ---------------

Current thread (0x00000173dad30bd0):  JavaThread "Attach Listener" daemon [_thread_in_vm, id=12060, stack(0x000000341a400000,0x000000341a500000) (1024K)]

Stack: [0x000000341a400000,0x000000341a500000]
Native frames: (J=compiled Java code, j=interpreted, Vv=VM code, C=native code)
V  [jvm.dll+0x6d7a39]
V  [jvm.dll+0x8b4b26]
V  [jvm.dll+0x8b70de]
V  [jvm.dll+0x8b77c3]
V  [jvm.dll+0x284346]
V  [jvm.dll+0xc1277]
V  [jvm.dll+0x6d82e9]
V  [jvm.dll+0x1334a6]
V  [jvm.dll+0x3f857e]
V  [jvm.dll+0x85f59d]
V  [jvm.dll+0x6d626d]
C  [ucrtbase.dll+0x37b0]
C  [KERNEL32.DLL+0x2e8d7]
C  [ntdll.dll+0x8c3fc]


---------------  P R O C E S S  ---------------

Threads class SMR info:
_java_thread_list=0x00000173e1c952a0, length=50, elements={
0x00000173c212a300, 0x00000173c262ba20, 0x00000173c262c720, 0x00000173dad2fef0,
0x00000173dad30bd0, 0x00000173dad33640, 0x00000173dad340a0, 0x00000173dad35720,
0x00000173dad51ab0, 0x00000173dc8c94f0, 0x00000173dca21530, 0x00000173e1357fd0,
0x00000173e159e1c0, 0x00000173e10d5420, 0x00000173dc932990, 0x00000173e1b73e70,
0x00000173dc741b40, 0x00000173e16b8c60, 0x00000173e1de7110, 0x00000173e1de84c0,
0x00000173e1de8b50, 0x00000173e1de9870, 0x00000173e1dea590, 0x00000173e33faa10,
0x00000173e33f82b0, 0x00000173e33f7590, 0x00000173e33fb0a0, 0x00000173e33f9cf0,
0x00000173e33fa380, 0x00000173e33f7c20, 0x00000173e33f8fd0, 0x00000173e33fb730,
0x00000173e33f8940, 0x00000173e33fe520, 0x00000173e33fd170, 0x00000173e33febb0,
0x00000173e8346e70, 0x00000173e10eb6a0, 0x00000173e10e5ac0, 0x00000173e10e7500,
0x00000173e10e4da0, 0x00000173e10ea980, 0x00000173e10ec3c0, 0x00000173e10e8f40,
0x00000173e3196020, 0x00000173e3195990, 0x00000173e31966b0, 0x00000173e3197a60,
0x00000173e83467e0, 0x00000173e8346150
}

Java Threads: ( => current thread )
  0x00000173c212a300 JavaThread "main"                              [_thread_blocked, id=4280, stack(0x0000003419d00000,0x0000003419e00000) (1024K)]
  0x00000173c262ba20 JavaThread "Reference Handler"          daemon [_thread_blocked, id=2116, stack(0x000000341a100000,0x000000341a200000) (1024K)]
  0x00000173c262c720 JavaThread "Finalizer"                  daemon [_thread_blocked, id=27208, stack(0x000000341a200000,0x000000341a300000) (1024K)]
  0x00000173dad2fef0 JavaThread "Signal Dispatcher"          daemon [_thread_blocked, id=24228, stack(0x000000341a300000,0x000000341a400000) (1024K)]
=>0x00000173dad30bd0 JavaThread "Attach Listener"            daemon [_thread_in_vm, id=12060, stack(0x000000341a400000,0x000000341a500000) (1024K)]
  0x00000173dad33640 JavaThread "Service Thread"             daemon [_thread_blocked, id=9748, stack(0x000000341a500000,0x000000341a600000) (1024K)]
  0x00000173dad340a0 JavaThread "Monitor Deflation Thread"   daemon [_thread_blocked, id=14900, stack(0x000000341a600000,0x000000341a700000) (1024K)]
  0x00000173dad35720 JavaThread "C2 CompilerThread0"         daemon [_thread_blocked, id=16452, stack(0x000000341a700000,0x000000341a800000) (1024K)]
  0x00000173dad51ab0 JavaThread "C1 CompilerThread0"         daemon [_thread_blocked, id=18208, stack(0x000000341a800000,0x000000341a900000) (1024K)]
  0x00000173dc8c94f0 JavaThread "Common-Cleaner"             daemon [_thread_blocked, id=22368, stack(0x000000341a900000,0x000000341aa00000) (1024K)]
  0x00000173dca21530 JavaThread "Notification Thread"        daemon [_thread_blocked, id=23696, stack(0x000000341aa00000,0x000000341ab00000) (1024K)]
  0x00000173e1357fd0 JavaThread "Active Thread: Equinox Container: 46b98bb1-ba2a-4e8b-8f7f-9e97bae3e7cf"        [_thread_blocked, id=3892, stack(0x000000341b100000,0x000000341b200000) (1024K)]
  0x00000173e159e1c0 JavaThread "Refresh Thread: Equinox Container: 46b98bb1-ba2a-4e8b-8f7f-9e97bae3e7cf" daemon [_thread_blocked, id=9296, stack(0x000000341b300000,0x000000341b400000) (1024K)]
  0x00000173e10d5420 JavaThread "Framework Event Dispatcher: Equinox Container: 46b98bb1-ba2a-4e8b-8f7f-9e97bae3e7cf" daemon [_thread_blocked, id=16976, stack(0x000000341b400000,0x000000341b500000) (1024K)]
  0x00000173dc932990 JavaThread "Start Level: Equinox Container: 46b98bb1-ba2a-4e8b-8f7f-9e97bae3e7cf" daemon [_thread_blocked, id=23080, stack(0x000000341b500000,0x000000341b600000) (1024K)]
  0x00000173e1b73e70 JavaThread "Bundle File Closer"         daemon [_thread_blocked, id=2088, stack(0x000000341b600000,0x000000341b700000) (1024K)]
  0x00000173dc741b40 JavaThread "SCR Component Actor"        daemon [_thread_blocked, id=27724, stack(0x000000341b700000,0x000000341b800000) (1024K)]
  0x00000173e16b8c60 JavaThread "Worker-JM"                         [_thread_blocked, id=22876, stack(0x000000341b800000,0x000000341b900000) (1024K)]
  0x00000173e1de7110 JavaThread "JNA Cleaner"                daemon [_thread_blocked, id=22724, stack(0x000000341b900000,0x000000341ba00000) (1024K)]
  0x00000173e1de84c0 JavaThread "Java indexing"              daemon [_thread_blocked, id=18148, stack(0x000000341bd00000,0x000000341be00000) (1024K)]
  0x00000173e1de8b50 JavaThread "Worker-4"                          [_thread_blocked, id=27460, stack(0x000000341c100000,0x000000341c200000) (1024K)]
  0x00000173e1de9870 JavaThread "Thread-1"                   daemon [_thread_in_native, id=22888, stack(0x000000341c200000,0x000000341c300000) (1024K)]
  0x00000173e1dea590 JavaThread "Thread-2"                   daemon [_thread_in_native, id=4692, stack(0x000000341c300000,0x000000341c400000) (1024K)]
  0x00000173e33faa10 JavaThread "Thread-3"                   daemon [_thread_in_native, id=16032, stack(0x000000341c400000,0x000000341c500000) (1024K)]
  0x00000173e33f82b0 JavaThread "Thread-4"                   daemon [_thread_in_native, id=24152, stack(0x000000341c500000,0x000000341c600000) (1024K)]
  0x00000173e33f7590 JavaThread "Thread-5"                   daemon [_thread_in_native, id=25772, stack(0x000000341c600000,0x000000341c700000) (1024K)]
  0x00000173e33fb0a0 JavaThread "Thread-6"                   daemon [_thread_blocked, id=1220, stack(0x000000341c700000,0x000000341c800000) (1024K)]
  0x00000173e33f9cf0 JavaThread "Thread-7"                   daemon [_thread_in_native, id=20876, stack(0x000000341c800000,0x000000341c900000) (1024K)]
  0x00000173e33fa380 JavaThread "Thread-8"                   daemon [_thread_in_native, id=23432, stack(0x000000341c900000,0x000000341ca00000) (1024K)]
  0x00000173e33f7c20 JavaThread "Thread-9"                   daemon [_thread_in_native, id=7284, stack(0x000000341ca00000,0x000000341cb00000) (1024K)]
  0x00000173e33f8fd0 JavaThread "pool-2-thread-1"                   [_thread_blocked, id=16600, stack(0x000000341cb00000,0x000000341cc00000) (1024K)]
  0x00000173e33fb730 JavaThread "WorkspaceEventsHandler"            [_thread_blocked, id=19872, stack(0x000000341cc00000,0x000000341cd00000) (1024K)]
  0x00000173e33f8940 JavaThread "pool-1-thread-1"                   [_thread_blocked, id=12276, stack(0x000000341cd00000,0x000000341ce00000) (1024K)]
  0x00000173e33fe520 JavaThread "ForkJoinPool.commonPool-worker-1" daemon [_thread_blocked, id=10668, stack(0x000000341cf00000,0x000000341d000000) (1024K)]
  0x00000173e33fd170 JavaThread "ForkJoinPool.commonPool-worker-5" daemon [_thread_blocked, id=28348, stack(0x000000341d300000,0x000000341d400000) (1024K)]
  0x00000173e33febb0 JavaThread "ForkJoinPool.commonPool-worker-6" daemon [_thread_blocked, id=11412, stack(0x000000341d500000,0x000000341d600000) (1024K)]
  0x00000173e8346e70 JavaThread "Cleaner-0"                  daemon [_thread_blocked, id=2120, stack(0x000000341d400000,0x000000341d500000) (1024K)]
  0x00000173e10eb6a0 JavaThread "Worker-8"                          [_thread_blocked, id=25284, stack(0x0000003419c00000,0x0000003419d00000) (1024K)]
  0x00000173e10e5ac0 JavaThread "Worker-9"                          [_thread_blocked, id=10648, stack(0x0000003419a00000,0x0000003419b00000) (1024K)]
  0x00000173e10e7500 JavaThread "Compiler Source File Reader" daemon [_thread_blocked, id=12812, stack(0x0000003419b00000,0x0000003419c00000) (1024K)]
  0x00000173e10e4da0 JavaThread "ForkJoinPool.commonPool-worker-8" daemon [_thread_blocked, id=22200, stack(0x000000341be00000,0x000000341bf00000) (1024K)]
  0x00000173e10ea980 JavaThread "ForkJoinPool.commonPool-worker-9" daemon [_thread_blocked, id=26128, stack(0x000000341bf00000,0x000000341c000000) (1024K)]
  0x00000173e10ec3c0 JavaThread "ForkJoinPool.commonPool-worker-10" daemon [_thread_blocked, id=26192, stack(0x000000341bb00000,0x000000341bc00000) (1024K)]
  0x00000173e10e8f40 JavaThread "ForkJoinPool.commonPool-worker-11" daemon [_thread_blocked, id=23656, stack(0x000000341c000000,0x000000341c100000) (1024K)]
  0x00000173e3196020 JavaThread "Worker-10"                         [_thread_blocked, id=23216, stack(0x000000341ce00000,0x000000341cf00000) (1024K)]
  0x00000173e3195990 JavaThread "Worker-11"                         [_thread_blocked, id=14384, stack(0x000000341d000000,0x000000341d100000) (1024K)]
  0x00000173e31966b0 JavaThread "Worker-12"                         [_thread_blocked, id=26228, stack(0x000000341d100000,0x000000341d200000) (1024K)]
  0x00000173e3197a60 JavaThread "Compiler Source File Reader" daemon [_thread_blocked, id=4808, stack(0x000000341ba00000,0x000000341bb00000) (1024K)]
  0x00000173e83467e0 JavaThread "Compiler Source File Reader" daemon [_thread_blocked, id=8636, stack(0x000000341d200000,0x000000341d300000) (1024K)]
  0x00000173e8346150 JavaThread "Compiler Processing Task"   daemon [_thread_blocked, id=25864, stack(0x000000341d700000,0x000000341d800000) (1024K)]
Total: 50

Other Threads:
  0x00000173dad22540 VMThread "VM Thread"                           [id=18860, stack(0x000000341a000000,0x000000341a100000) (1024K)] _threads_hazard_ptr=0x00000173e1c952a0
  0x00000173c2130fa0 WatcherThread "VM Periodic Task Thread"        [id=26196, stack(0x0000003419f00000,0x000000341a000000) (1024K)]
  0x00000173c258c5b0 WorkerThread "GC Thread#0"                     [id=1064, stack(0x0000003419e00000,0x0000003419f00000) (1024K)]
  0x00000173e14ac200 WorkerThread "GC Thread#1"                     [id=3160, stack(0x000000341ab00000,0x000000341ac00000) (1024K)]
  0x00000173e1315460 WorkerThread "GC Thread#2"                     [id=25136, stack(0x000000341ac00000,0x000000341ad00000) (1024K)]
  0x00000173e1315810 WorkerThread "GC Thread#3"                     [id=24960, stack(0x000000341ad00000,0x000000341ae00000) (1024K)]
  0x00000173e1315bc0 WorkerThread "GC Thread#4"                     [id=28224, stack(0x000000341ae00000,0x000000341af00000) (1024K)]
  0x00000173e12605b0 WorkerThread "GC Thread#5"                     [id=1184, stack(0x000000341af00000,0x000000341b000000) (1024K)]
  0x00000173e1260960 WorkerThread "GC Thread#6"                     [id=10164, stack(0x000000341b000000,0x000000341b100000) (1024K)]
  0x00000173e1486f40 WorkerThread "GC Thread#7"                     [id=16740, stack(0x000000341b200000,0x000000341b300000) (1024K)]
Total: 10

Threads with active compile tasks:
Total: 0

VM state: synchronizing (normal execution)

VM Mutex/Monitor currently owned by a thread:  ([mutex/lock_event])
[0x00007ffc5aa5e560] Threads_lock - owner thread: 0x00000173dad22540
[0x00007ffc5aa5e660] Heap_lock - owner thread: 0x00000173e33fd170

Heap address: 0x0000000080000000, size: 2048 MB, Compressed Oops mode: 32-bit

CDS archive(s) mapped at: [0x0000017380000000-0x0000017380ba0000-0x0000017380ba0000), size 12189696, SharedBaseAddress: 0x0000017380000000, ArchiveRelocationMode: 1.
Compressed class space mapped at: 0x0000017381000000-0x00000173c1000000, reserved size: 1073741824
Narrow klass base: 0x0000017380000000, Narrow klass shift: 0, Narrow klass range: 0x100000000

GC Precious Log:
 CardTable entry size: 512
 CPUs: 8 total, 8 available
 Memory: 6030M
 Large Page Support: Disabled
 NUMA Support: Disabled
 Compressed Oops: Enabled (32-bit)
 Alignments: Space 512K, Generation 512K, Heap 2M
 Heap Min Capacity: 100M
 Heap Initial Capacity: 100M
 Heap Max Capacity: 2G
 Pre-touch: Disabled
 Parallel Workers: 8

Heap:
 PSYoungGen      total 9728K, used 9703K [0x00000000d5580000, 0x00000000d6800000, 0x0000000100000000)
  eden space 8192K, 100% used [0x00000000d5580000,0x00000000d5d80000,0x00000000d5d80000)
  from space 1536K, 98% used [0x00000000d6500000,0x00000000d6679d68,0x00000000d6680000)
  to   space 1536K, 0% used [0x00000000d6680000,0x00000000d6680000,0x00000000d6800000)
 ParOldGen       total 925696K, used 258340K [0x0000000080000000, 0x00000000b8800000, 0x00000000d5580000)
  object space 925696K, 27% used [0x0000000080000000,0x000000008fc49348,0x00000000b8800000)
 Metaspace       used 93382K, committed 95296K, reserved 1179648K
  class space    used 9622K, committed 10496K, reserved 1048576K

Card table byte_map: [0x00000173d6070000,0x00000173d6480000] _byte_map_base: 0x00000173d5c70000

Marking Bits: (ParMarkBitMap*) 0x00007ffc5aa63450
 Begin Bits: [0x00000173d6730000, 0x00000173d8730000)
 End Bits:   [0x00000173d8730000, 0x00000173da730000)

Polling page: 0x00000173c2630000

Metaspace:

Usage:
  Non-class:     81.80 MB used.
      Class:      9.40 MB used.
       Both:     91.19 MB used.

Virtual space:
  Non-class space:      128.00 MB reserved,      82.81 MB ( 65%) committed,  2 nodes.
      Class space:        1.00 GB reserved,      10.25 MB (  1%) committed,  1 nodes.
             Both:        1.12 GB reserved,      93.06 MB (  8%) committed. 

Chunk freelists:
   Non-Class:  12.51 MB
       Class:  5.79 MB
        Both:  18.31 MB

MaxMetaspaceSize: unlimited
CompressedClassSpaceSize: 1.00 GB
Initial GC threshold: 21.00 MB
Current GC threshold: 152.75 MB
CDS: on
 - commit_granule_bytes: 65536.
 - commit_granule_words: 8192.
 - virtual_space_node_default_size: 8388608.
 - enlarge_chunks_in_place: 1.
 - use_allocation_guard: 0.


Internal statistics:

num_allocs_failed_limit: 9.
num_arena_births: 1912.
num_arena_deaths: 22.
num_vsnodes_births: 3.
num_vsnodes_deaths: 0.
num_space_committed: 1489.
num_space_uncommitted: 0.
num_chunks_returned_to_freelist: 34.
num_chunks_taken_from_freelist: 6669.
num_chunk_merges: 18.
num_chunk_splits: 3933.
num_chunks_enlarged: 1982.
num_inconsistent_stats: 0.

CodeHeap 'non-profiled nmethods': size=120000Kb used=17276Kb max_used=17276Kb free=102723Kb
 bounds [0x00000173ce960000, 0x00000173cfa50000, 0x00000173d5e90000]
CodeHeap 'profiled nmethods': size=120000Kb used=45485Kb max_used=53862Kb free=74514Kb
 bounds [0x00000173c6e90000, 0x00000173ca330000, 0x00000173ce3c0000]
CodeHeap 'non-nmethods': size=5760Kb used=1534Kb max_used=1615Kb free=4225Kb
 bounds [0x00000173ce3c0000, 0x00000173ce630000, 0x00000173ce960000]
CodeCache: size=245760Kb, used=64295Kb, max_used=72753Kb, free=181462Kb
 total_blobs=20114, nmethods=19254, adapters=761, full_count=0
Compilation: enabled, stopped_count=0, restarted_count=0

Compilation events (20 events):
Event: 666.069 Thread 0x00000173dad35720 24048       4       org.eclipse.jdt.internal.compiler.lookup.InferenceVariable$InferenceVarKey::hashCode (49 bytes)
Event: 666.070 Thread 0x00000173dad35720 nmethod 24048 0x00000173ced46c90 code [0x00000173ced46e20, 0x00000173ced46ef0]
Event: 666.136 Thread 0x00000173dad51ab0 24049       3       org.eclipse.core.internal.resources.Resource::getResourceAttributes (33 bytes)
Event: 666.137 Thread 0x00000173dad51ab0 nmethod 24049 0x00000173c8e81c90 code [0x00000173c8e81ee0, 0x00000173c8e82670]
Event: 666.137 Thread 0x00000173dad51ab0 24050       3       org.eclipse.core.internal.localstore.FileSystemResourceManager::attributes (29 bytes)
Event: 666.138 Thread 0x00000173dad51ab0 nmethod 24050 0x00000173c787a990 code [0x00000173c787ac20, 0x00000173c787b5b0]
Event: 666.138 Thread 0x00000173dad51ab0 24051       3       org.eclipse.core.internal.utils.FileUtil::fileInfoToAttributes (152 bytes)
Event: 666.140 Thread 0x00000173dad51ab0 nmethod 24051 0x00000173c77e4710 code [0x00000173c77e4a40, 0x00000173c77e5c68]
Event: 666.140 Thread 0x00000173dad51ab0 24052       1       org.eclipse.jdt.internal.corext.refactoring.util.StatementAnalyzer::getStatus (5 bytes)
Event: 666.141 Thread 0x00000173dad51ab0 nmethod 24052 0x00000173cee13c10 code [0x00000173cee13da0, 0x00000173cee13e68]
Event: 666.143 Thread 0x00000173dad51ab0 24053   !   3       org.eclipse.jdt.internal.core.search.processing.JobManager::performConcurrentJob (768 bytes)
Event: 666.147 Thread 0x00000173dad35720 24055 %     4       org.eclipse.jdt.internal.compiler.util.SimpleSet::rehash @ 23 (72 bytes)
Event: 666.154 Thread 0x00000173dad51ab0 nmethod 24053 0x00000173c8754710 code [0x00000173c87554c0, 0x00000173c875d1c8]
Event: 666.155 Thread 0x00000173dad51ab0 24054   !   3       org.eclipse.osgi.util.NLS::internalBind (412 bytes)
Event: 666.156 Thread 0x00000173dad35720 nmethod 24055% 0x00000173cee13010 code [0x00000173cee13200, 0x00000173cee13800]
Event: 666.158 Thread 0x00000173dad51ab0 nmethod 24054 0x00000173c707c290 code [0x00000173c707c760, 0x00000173c707e978]
Event: 666.257 Thread 0x00000173dad51ab0 24056       3       org.eclipse.jdt.internal.core.search.indexing.SourceIndexerRequestor::acceptTypeReference (9 bytes)
Event: 666.258 Thread 0x00000173dad51ab0 nmethod 24056 0x00000173c6ff7e10 code [0x00000173c6ff8040, 0x00000173c6ff88f8]
Event: 666.258 Thread 0x00000173dad51ab0 24057       3       org.eclipse.jdt.internal.core.search.matching.MethodPattern::createIndexKey (33 bytes)
Event: 666.258 Thread 0x00000173dad51ab0 nmethod 24057 0x00000173c7577d90 code [0x00000173c7577fa0, 0x00000173c7578410]

GC Heap History (20 events):
Event: 664.736 GC heap before
{Heap before GC invocations=1733 (full 5):
 PSYoungGen      total 10752K, used 10619K [0x00000000d5580000, 0x00000000d6600000, 0x0000000100000000)
  eden space 5632K, 97% used [0x00000000d5580000,0x00000000d5adec78,0x00000000d5b00000)
  from space 5120K, 100% used [0x00000000d5b00000,0x00000000d6000000,0x00000000d6000000)
  to   space 5632K, 0% used [0x00000000d6080000,0x00000000d6080000,0x00000000d6600000)
 ParOldGen       total 925696K, used 196654K [0x0000000080000000, 0x00000000b8800000, 0x00000000d5580000)
  object space 925696K, 21% used [0x0000000080000000,0x000000008c00bbb8,0x00000000b8800000)
 Metaspace       used 93362K, committed 95296K, reserved 1179648K
  class space    used 9622K, committed 10496K, reserved 1048576K
}
Event: 664.756 GC heap after
{Heap after GC invocations=1733 (full 5):
 PSYoungGen      total 10752K, used 5048K [0x00000000d5580000, 0x00000000d6580000, 0x0000000100000000)
  eden space 5632K, 0% used [0x00000000d5580000,0x00000000d5580000,0x00000000d5b00000)
  from space 5120K, 98% used [0x00000000d6080000,0x00000000d656e040,0x00000000d6580000)
  to   space 5120K, 0% used [0x00000000d5b00000,0x00000000d5b00000,0x00000000d6000000)
 ParOldGen       total 925696K, used 201654K [0x0000000080000000, 0x00000000b8800000, 0x00000000d5580000)
  object space 925696K, 21% used [0x0000000080000000,0x000000008c4edbb8,0x00000000b8800000)
 Metaspace       used 93362K, committed 95296K, reserved 1179648K
  class space    used 9622K, committed 10496K, reserved 1048576K
}
Event: 664.804 GC heap before
{Heap before GC invocations=1734 (full 5):
 PSYoungGen      total 10752K, used 10680K [0x00000000d5580000, 0x00000000d6580000, 0x0000000100000000)
  eden space 5632K, 100% used [0x00000000d5580000,0x00000000d5b00000,0x00000000d5b00000)
  from space 5120K, 98% used [0x00000000d6080000,0x00000000d656e040,0x00000000d6580000)
  to   space 5120K, 0% used [0x00000000d5b00000,0x00000000d5b00000,0x00000000d6000000)
 ParOldGen       total 925696K, used 201654K [0x0000000080000000, 0x00000000b8800000, 0x00000000d5580000)
  object space 925696K, 21% used [0x0000000080000000,0x000000008c4edbb8,0x00000000b8800000)
 Metaspace       used 93362K, committed 95296K, reserved 1179648K
  class space    used 9622K, committed 10496K, reserved 1048576K
}
Event: 664.828 GC heap after
{Heap after GC invocations=1734 (full 5):
 PSYoungGen      total 10752K, used 4668K [0x00000000d5580000, 0x00000000d6680000, 0x0000000100000000)
  eden space 5632K, 0% used [0x00000000d5580000,0x00000000d5580000,0x00000000d5b00000)
  from space 5120K, 91% used [0x00000000d5b00000,0x00000000d5f8f130,0x00000000d6000000)
  to   space 5120K, 0% used [0x00000000d6180000,0x00000000d6180000,0x00000000d6680000)
 ParOldGen       total 925696K, used 206358K [0x0000000080000000, 0x00000000b8800000, 0x00000000d5580000)
  object space 925696K, 22% used [0x0000000080000000,0x000000008c985bf8,0x00000000b8800000)
 Metaspace       used 93362K, committed 95296K, reserved 1179648K
  class space    used 9622K, committed 10496K, reserved 1048576K
}
Event: 664.911 GC heap before
{Heap before GC invocations=1735 (full 5):
 PSYoungGen      total 10752K, used 10300K [0x00000000d5580000, 0x00000000d6680000, 0x0000000100000000)
  eden space 5632K, 100% used [0x00000000d5580000,0x00000000d5b00000,0x00000000d5b00000)
  from space 5120K, 91% used [0x00000000d5b00000,0x00000000d5f8f130,0x00000000d6000000)
  to   space 5120K, 0% used [0x00000000d6180000,0x00000000d6180000,0x00000000d6680000)
 ParOldGen       total 925696K, used 206358K [0x0000000080000000, 0x00000000b8800000, 0x00000000d5580000)
  object space 925696K, 22% used [0x0000000080000000,0x000000008c985bf8,0x00000000b8800000)
 Metaspace       used 93362K, committed 95296K, reserved 1179648K
  class space    used 9622K, committed 10496K, reserved 1048576K
}
Event: 664.956 GC heap after
{Heap after GC invocations=1735 (full 5):
 PSYoungGen      total 11776K, used 5065K [0x00000000d5580000, 0x00000000d6780000, 0x0000000100000000)
  eden space 6656K, 0% used [0x00000000d5580000,0x00000000d5580000,0x00000000d5c00000)
  from space 5120K, 98% used [0x00000000d6180000,0x00000000d6672680,0x00000000d6680000)
  to   space 5632K, 0% used [0x00000000d5c00000,0x00000000d5c00000,0x00000000d6180000)
 ParOldGen       total 925696K, used 210954K [0x0000000080000000, 0x00000000b8800000, 0x00000000d5580000)
  object space 925696K, 22% used [0x0000000080000000,0x000000008ce02928,0x00000000b8800000)
 Metaspace       used 93362K, committed 95296K, reserved 1179648K
  class space    used 9622K, committed 10496K, reserved 1048576K
}
Event: 664.995 GC heap before
{Heap before GC invocations=1736 (full 5):
 PSYoungGen      total 11776K, used 11721K [0x00000000d5580000, 0x00000000d6780000, 0x0000000100000000)
  eden space 6656K, 100% used [0x00000000d5580000,0x00000000d5c00000,0x00000000d5c00000)
  from space 5120K, 98% used [0x00000000d6180000,0x00000000d6672680,0x00000000d6680000)
  to   space 5632K, 0% used [0x00000000d5c00000,0x00000000d5c00000,0x00000000d6180000)
 ParOldGen       total 925696K, used 210954K [0x0000000080000000, 0x00000000b8800000, 0x00000000d5580000)
  object space 925696K, 22% used [0x0000000080000000,0x000000008ce02928,0x00000000b8800000)
 Metaspace       used 93362K, committed 95296K, reserved 1179648K
  class space    used 9622K, committed 10496K, reserved 1048576K
}
Event: 665.013 GC heap after
{Heap after GC invocations=1736 (full 5):
 PSYoungGen      total 12288K, used 5600K [0x00000000d5580000, 0x00000000d7480000, 0x0000000100000000)
  eden space 6656K, 0% used [0x00000000d5580000,0x00000000d5580000,0x00000000d5c00000)
  from space 5632K, 99% used [0x00000000d5c00000,0x00000000d6178020,0x00000000d6180000)
  to   space 11776K, 0% used [0x00000000d6900000,0x00000000d6900000,0x00000000d7480000)
 ParOldGen       total 925696K, used 215932K [0x0000000080000000, 0x00000000b8800000, 0x00000000d5580000)
  object space 925696K, 23% used [0x0000000080000000,0x000000008d2df2b0,0x00000000b8800000)
 Metaspace       used 93362K, committed 95296K, reserved 1179648K
  class space    used 9622K, committed 10496K, reserved 1048576K
}
Event: 665.408 GC heap before
{Heap before GC invocations=1737 (full 5):
 PSYoungGen      total 12288K, used 12256K [0x00000000d5580000, 0x00000000d7480000, 0x0000000100000000)
  eden space 6656K, 100% used [0x00000000d5580000,0x00000000d5c00000,0x00000000d5c00000)
  from space 5632K, 99% used [0x00000000d5c00000,0x00000000d6178020,0x00000000d6180000)
  to   space 11776K, 0% used [0x00000000d6900000,0x00000000d6900000,0x00000000d7480000)
 ParOldGen       total 925696K, used 246652K [0x0000000080000000, 0x00000000b8800000, 0x00000000d5580000)
  object space 925696K, 26% used [0x0000000080000000,0x000000008f0df2e0,0x00000000b8800000)
 Metaspace       used 93371K, committed 95296K, reserved 1179648K
  class space    used 9622K, committed 10496K, reserved 1048576K
}
Event: 665.427 GC heap after
{Heap after GC invocations=1737 (full 5):
 PSYoungGen      total 11264K, used 2912K [0x00000000d5580000, 0x00000000d6c00000, 0x0000000100000000)
  eden space 8192K, 0% used [0x00000000d5580000,0x00000000d5580000,0x00000000d5d80000)
  from space 3072K, 94% used [0x00000000d6900000,0x00000000d6bd8000,0x00000000d6c00000)
  to   space 6144K, 0% used [0x00000000d6000000,0x00000000d6000000,0x00000000d6600000)
 ParOldGen       total 925696K, used 252260K [0x0000000080000000, 0x00000000b8800000, 0x00000000d5580000)
  object space 925696K, 27% used [0x0000000080000000,0x000000008f659300,0x00000000b8800000)
 Metaspace       used 93371K, committed 95296K, reserved 1179648K
  class space    used 9622K, committed 10496K, reserved 1048576K
}
Event: 665.566 GC heap before
{Heap before GC invocations=1738 (full 5):
 PSYoungGen      total 11264K, used 11104K [0x00000000d5580000, 0x00000000d6c00000, 0x0000000100000000)
  eden space 8192K, 100% used [0x00000000d5580000,0x00000000d5d80000,0x00000000d5d80000)
  from space 3072K, 94% used [0x00000000d6900000,0x00000000d6bd8000,0x00000000d6c00000)
  to   space 6144K, 0% used [0x00000000d6000000,0x00000000d6000000,0x00000000d6600000)
 ParOldGen       total 925696K, used 252260K [0x0000000080000000, 0x00000000b8800000, 0x00000000d5580000)
  object space 925696K, 27% used [0x0000000080000000,0x000000008f659300,0x00000000b8800000)
 Metaspace       used 93376K, committed 95296K, reserved 1179648K
  class space    used 9622K, committed 10496K, reserved 1048576K
}
Event: 665.587 GC heap after
{Heap after GC invocations=1738 (full 5):
 PSYoungGen      total 14336K, used 442K [0x00000000d5580000, 0x00000000d6980000, 0x0000000100000000)
  eden space 8192K, 0% used [0x00000000d5580000,0x00000000d5580000,0x00000000d5d80000)
  from space 6144K, 7% used [0x00000000d6000000,0x00000000d606e900,0x00000000d6600000)
  to   space 2048K, 0% used [0x00000000d6780000,0x00000000d6780000,0x00000000d6980000)
 ParOldGen       total 925696K, used 254980K [0x0000000080000000, 0x00000000b8800000, 0x00000000d5580000)
  object space 925696K, 27% used [0x0000000080000000,0x000000008f901300,0x00000000b8800000)
 Metaspace       used 93376K, committed 95296K, reserved 1179648K
  class space    used 9622K, committed 10496K, reserved 1048576K
}
Event: 665.820 GC heap before
{Heap before GC invocations=1739 (full 5):
 PSYoungGen      total 14336K, used 8634K [0x00000000d5580000, 0x00000000d6980000, 0x0000000100000000)
  eden space 8192K, 100% used [0x00000000d5580000,0x00000000d5d80000,0x00000000d5d80000)
  from space 6144K, 7% used [0x00000000d6000000,0x00000000d606e900,0x00000000d6600000)
  to   space 2048K, 0% used [0x00000000d6780000,0x00000000d6780000,0x00000000d6980000)
 ParOldGen       total 925696K, used 254980K [0x0000000080000000, 0x00000000b8800000, 0x00000000d5580000)
  object space 925696K, 27% used [0x0000000080000000,0x000000008f901300,0x00000000b8800000)
 Metaspace       used 93376K, committed 95296K, reserved 1179648K
  class space    used 9622K, committed 10496K, reserved 1048576K
}
Event: 665.822 GC heap after
{Heap after GC invocations=1739 (full 5):
 PSYoungGen      total 9216K, used 628K [0x00000000d5580000, 0x00000000d6880000, 0x0000000100000000)
  eden space 8192K, 0% used [0x00000000d5580000,0x00000000d5580000,0x00000000d5d80000)
  from space 1024K, 61% used [0x00000000d6780000,0x00000000d681d200,0x00000000d6880000)
  to   space 1024K, 0% used [0x00000000d6680000,0x00000000d6680000,0x00000000d6780000)
 ParOldGen       total 925696K, used 255036K [0x0000000080000000, 0x00000000b8800000, 0x00000000d5580000)
  object space 925696K, 27% used [0x0000000080000000,0x000000008f90f300,0x00000000b8800000)
 Metaspace       used 93376K, committed 95296K, reserved 1179648K
  class space    used 9622K, committed 10496K, reserved 1048576K
}
Event: 666.012 GC heap before
{Heap before GC invocations=1740 (full 5):
 PSYoungGen      total 9216K, used 8820K [0x00000000d5580000, 0x00000000d6880000, 0x0000000100000000)
  eden space 8192K, 99% used [0x00000000d5580000,0x00000000d5d7fff8,0x00000000d5d80000)
  from space 1024K, 61% used [0x00000000d6780000,0x00000000d681d200,0x00000000d6880000)
  to   space 1024K, 0% used [0x00000000d6680000,0x00000000d6680000,0x00000000d6780000)
 ParOldGen       total 925696K, used 255036K [0x0000000080000000, 0x00000000b8800000, 0x00000000d5580000)
  object space 925696K, 27% used [0x0000000080000000,0x000000008f90f300,0x00000000b8800000)
 Metaspace       used 93378K, committed 95296K, reserved 1179648K
  class space    used 9622K, committed 10496K, reserved 1048576K
}
Event: 666.016 GC heap after
{Heap after GC invocations=1740 (full 5):
 PSYoungGen      total 9216K, used 756K [0x00000000d5580000, 0x00000000d6800000, 0x0000000100000000)
  eden space 8192K, 0% used [0x00000000d5580000,0x00000000d5580000,0x00000000d5d80000)
  from space 1024K, 73% used [0x00000000d6680000,0x00000000d673d200,0x00000000d6780000)
  to   space 512K, 0% used [0x00000000d6780000,0x00000000d6780000,0x00000000d6800000)
 ParOldGen       total 925696K, used 255060K [0x0000000080000000, 0x00000000b8800000, 0x00000000d5580000)
  object space 925696K, 27% used [0x0000000080000000,0x000000008f915300,0x00000000b8800000)
 Metaspace       used 93378K, committed 95296K, reserved 1179648K
  class space    used 9622K, committed 10496K, reserved 1048576K
}
Event: 666.051 GC heap before
{Heap before GC invocations=1741 (full 5):
 PSYoungGen      total 9216K, used 8948K [0x00000000d5580000, 0x00000000d6800000, 0x0000000100000000)
  eden space 8192K, 100% used [0x00000000d5580000,0x00000000d5d80000,0x00000000d5d80000)
  from space 1024K, 73% used [0x00000000d6680000,0x00000000d673d200,0x00000000d6780000)
  to   space 512K, 0% used [0x00000000d6780000,0x00000000d6780000,0x00000000d6800000)
 ParOldGen       total 925696K, used 255060K [0x0000000080000000, 0x00000000b8800000, 0x00000000d5580000)
  object space 925696K, 27% used [0x0000000080000000,0x000000008f915300,0x00000000b8800000)
 Metaspace       used 93379K, committed 95296K, reserved 1179648K
  class space    used 9622K, committed 10496K, reserved 1048576K
}
Event: 666.056 GC heap after
{Heap after GC invocations=1741 (full 5):
 PSYoungGen      total 8704K, used 500K [0x00000000d5580000, 0x00000000d6800000, 0x0000000100000000)
  eden space 8192K, 0% used [0x00000000d5580000,0x00000000d5580000,0x00000000d5d80000)
  from space 512K, 97% used [0x00000000d6780000,0x00000000d67fd200,0x00000000d6800000)
  to   space 1536K, 0% used [0x00000000d6500000,0x00000000d6500000,0x00000000d6680000)
 ParOldGen       total 925696K, used 255977K [0x0000000080000000, 0x00000000b8800000, 0x00000000d5580000)
  object space 925696K, 27% used [0x0000000080000000,0x000000008f9fa540,0x00000000b8800000)
 Metaspace       used 93379K, committed 95296K, reserved 1179648K
  class space    used 9622K, committed 10496K, reserved 1048576K
}
Event: 666.277 GC heap before
{Heap before GC invocations=1742 (full 5):
 PSYoungGen      total 8704K, used 8692K [0x00000000d5580000, 0x00000000d6800000, 0x0000000100000000)
  eden space 8192K, 100% used [0x00000000d5580000,0x00000000d5d80000,0x00000000d5d80000)
  from space 512K, 97% used [0x00000000d6780000,0x00000000d67fd200,0x00000000d6800000)
  to   space 1536K, 0% used [0x00000000d6500000,0x00000000d6500000,0x00000000d6680000)
 ParOldGen       total 925696K, used 255977K [0x0000000080000000, 0x00000000b8800000, 0x00000000d5580000)
  object space 925696K, 27% used [0x0000000080000000,0x000000008f9fa540,0x00000000b8800000)
 Metaspace       used 93382K, committed 95296K, reserved 1179648K
  class space    used 9622K, committed 10496K, reserved 1048576K
}
Event: 666.289 GC heap after
{Heap after GC invocations=1742 (full 5):
 PSYoungGen      total 9728K, used 1511K [0x00000000d5580000, 0x00000000d6800000, 0x0000000100000000)
  eden space 8192K, 0% used [0x00000000d5580000,0x00000000d5580000,0x00000000d5d80000)
  from space 1536K, 98% used [0x00000000d6500000,0x00000000d6679d68,0x00000000d6680000)
  to   space 1536K, 0% used [0x00000000d6680000,0x00000000d6680000,0x00000000d6800000)
 ParOldGen       total 925696K, used 258340K [0x0000000080000000, 0x00000000b8800000, 0x00000000d5580000)
  object space 925696K, 27% used [0x0000000080000000,0x000000008fc49348,0x00000000b8800000)
 Metaspace       used 93382K, committed 95296K, reserved 1179648K
  class space    used 9622K, committed 10496K, reserved 1048576K
}

Dll operation events (12 events):
Event: 0.069 Loaded shared library c:\Users\obasi\.vscode\extensions\redhat.java-1.54.0-win32-x64\jre\21.0.10-win32-x86_64\bin\java.dll
Event: 0.258 Loaded shared library c:\Users\obasi\.vscode\extensions\redhat.java-1.54.0-win32-x64\jre\21.0.10-win32-x86_64\bin\zip.dll
Event: 0.330 Loaded shared library C:\Users\obasi\.vscode\extensions\redhat.java-1.54.0-win32-x64\jre\21.0.10-win32-x86_64\bin\instrument.dll
Event: 0.527 Loaded shared library C:\Users\obasi\.vscode\extensions\redhat.java-1.54.0-win32-x64\jre\21.0.10-win32-x86_64\bin\net.dll
Event: 0.694 Loaded shared library C:\Users\obasi\.vscode\extensions\redhat.java-1.54.0-win32-x64\jre\21.0.10-win32-x86_64\bin\nio.dll
Event: 0.707 Loaded shared library C:\Users\obasi\.vscode\extensions\redhat.java-1.54.0-win32-x64\jre\21.0.10-win32-x86_64\bin\zip.dll
Event: 0.961 Loaded shared library C:\Users\obasi\.vscode\extensions\redhat.java-1.54.0-win32-x64\jre\21.0.10-win32-x86_64\bin\jimage.dll
Event: 1.358 Loaded shared library c:\Users\obasi\.vscode\extensions\redhat.java-1.54.0-win32-x64\jre\21.0.10-win32-x86_64\bin\verify.dll
Event: 26.118 Loaded shared library C:\Users\obasi\AppData\Roaming\Code\User\globalStorage\redhat.java\1.54.0\config_win\org.eclipse.equinox.launcher\org.eclipse.equinox.launcher.win32.win32.x86_64_1.3.0.v20260203-2149\eclipse_11919.dll
Event: 51.999 Loaded shared library C:\Users\obasi\AppData\Local\Temp\jna-105527236\jna2619775019771313429.dll
Event: 56.555 Loaded shared library C:\Users\obasi\.vscode\extensions\redhat.java-1.54.0-win32-x64\jre\21.0.10-win32-x86_64\bin\sunmscapi.dll
Event: 57.875 Loaded shared library C:\Users\obasi\.vscode\extensions\redhat.java-1.54.0-win32-x64\jre\21.0.10-win32-x86_64\bin\extnet.dll

Deoptimization events (20 events):
Event: 664.979 Thread 0x00000173e10eb6a0 DEOPT PACKING pc=0x00000173cf688684 sp=0x0000003419cfd3b0
Event: 664.979 Thread 0x00000173e10eb6a0 DEOPT UNPACKING pc=0x00000173ce413aa2 sp=0x0000003419cfd338 mode 2
Event: 664.980 Thread 0x00000173e10eb6a0 Uncommon trap: trap_request=0xffffff45 fr.pc=0x00000173cf51c118 relative=0x0000000000000318
Event: 664.980 Thread 0x00000173e10eb6a0 Uncommon trap: reason=unstable_if action=reinterpret pc=0x00000173cf51c118 method=org.eclipse.jdt.internal.compiler.ast.Argument.traverse(Lorg/eclipse/jdt/internal/compiler/ASTVisitor;Lorg/eclipse/jdt/internal/compiler/lookup/BlockScope;)V @ 6 c2
Event: 664.980 Thread 0x00000173e10eb6a0 DEOPT PACKING pc=0x00000173cf51c118 sp=0x0000003419cfde80
Event: 664.980 Thread 0x00000173e10eb6a0 DEOPT UNPACKING pc=0x00000173ce413aa2 sp=0x0000003419cfde28 mode 2
Event: 664.987 Thread 0x00000173e8346150 Uncommon trap: trap_request=0xffffff45 fr.pc=0x00000173cf570c20 relative=0x00000000000004a0
Event: 664.987 Thread 0x00000173e8346150 Uncommon trap: reason=unstable_if action=reinterpret pc=0x00000173cf570c20 method=org.eclipse.jdt.internal.compiler.lookup.CompilationUnitScope.typeToRecord(Lorg/eclipse/jdt/internal/compiler/lookup/TypeBinding;)Lorg/eclipse/jdt/internal/compiler/lookup/R
Event: 664.987 Thread 0x00000173e8346150 DEOPT PACKING pc=0x00000173cf570c20 sp=0x000000341d7fe440
Event: 664.987 Thread 0x00000173e8346150 DEOPT UNPACKING pc=0x00000173ce413aa2 sp=0x000000341d7fe368 mode 2
Event: 664.989 Thread 0x00000173e8346150 Uncommon trap: trap_request=0xffffff45 fr.pc=0x00000173cf4180fc relative=0x000000000000031c
Event: 664.989 Thread 0x00000173e8346150 Uncommon trap: reason=unstable_if action=reinterpret pc=0x00000173cf4180fc method=org.eclipse.jdt.internal.compiler.lookup.CompilationUnitScope.typeToRecord(Lorg/eclipse/jdt/internal/compiler/lookup/TypeBinding;)Lorg/eclipse/jdt/internal/compiler/lookup/R
Event: 664.989 Thread 0x00000173e8346150 DEOPT PACKING pc=0x00000173cf4180fc sp=0x000000341d7fe510
Event: 664.989 Thread 0x00000173e8346150 DEOPT UNPACKING pc=0x00000173ce413aa2 sp=0x000000341d7fe4a8 mode 2
Event: 665.114 Thread 0x00000173e10eb6a0 DEOPT PACKING pc=0x00000173c852add6 sp=0x0000003419cfcf50
Event: 665.114 Thread 0x00000173e10eb6a0 DEOPT UNPACKING pc=0x00000173ce414242 sp=0x0000003419cfc3d0 mode 0
Event: 665.355 Thread 0x00000173e10eb6a0 DEOPT PACKING pc=0x00000173c880d912 sp=0x0000003419cfd4f0
Event: 665.355 Thread 0x00000173e10eb6a0 DEOPT UNPACKING pc=0x00000173ce414242 sp=0x0000003419cfc9a8 mode 0
Event: 666.145 Thread 0x00000173e33fd170 DEOPT PACKING pc=0x00000173c8ad4ffb sp=0x000000341d3fd770
Event: 666.145 Thread 0x00000173e33fd170 DEOPT UNPACKING pc=0x00000173ce414242 sp=0x000000341d3fcc70 mode 0

Classes loaded (20 events):
Event: 621.323 Loading class java/util/OptionalLong
Event: 621.323 Loading class java/util/OptionalLong done
Event: 621.334 Loading class java/nio/HeapByteBufferR
Event: 621.335 Loading class java/nio/HeapByteBufferR done
Event: 622.412 Loading class java/util/stream/DoubleStream
Event: 622.414 Loading class java/util/stream/DoubleStream done
Event: 622.414 Loading class java/util/function/DoubleBinaryOperator
Event: 622.417 Loading class java/util/function/DoubleBinaryOperator done
Event: 622.417 Loading class java/util/function/IntToDoubleFunction
Event: 622.417 Loading class java/util/function/IntToDoubleFunction done
Event: 622.417 Loading class java/util/function/IntToLongFunction
Event: 622.417 Loading class java/util/function/IntToLongFunction done
Event: 622.442 Loading class java/util/HashMap$EntrySpliterator
Event: 622.444 Loading class java/util/HashMap$EntrySpliterator done
Event: 655.423 Loading class java/util/regex/Pattern$Behind
Event: 655.424 Loading class java/util/regex/Pattern$Behind done
Event: 655.425 Loading class java/util/regex/Pattern$Neg
Event: 655.425 Loading class java/util/regex/Pattern$Neg done
Event: 664.982 Loading class jdk/internal/module/IllegalAccessLogger
Event: 664.982 Loading class jdk/internal/module/IllegalAccessLogger done

Classes unloaded (11 events):
Event: 52.903 Thread 0x00000173dad22540 Unloading class 0x00000173811a9400 'java/lang/invoke/LambdaForm$MH+0x00000173811a9400'
Event: 52.903 Thread 0x00000173dad22540 Unloading class 0x00000173811a9000 'java/lang/invoke/LambdaForm$MH+0x00000173811a9000'
Event: 52.903 Thread 0x00000173dad22540 Unloading class 0x00000173811a8c00 'java/lang/invoke/LambdaForm$MH+0x00000173811a8c00'
Event: 52.903 Thread 0x00000173dad22540 Unloading class 0x00000173811a8800 'java/lang/invoke/LambdaForm$MH+0x00000173811a8800'
Event: 52.903 Thread 0x00000173dad22540 Unloading class 0x00000173811a8400 'java/lang/invoke/LambdaForm$BMH+0x00000173811a8400'
Event: 52.903 Thread 0x00000173dad22540 Unloading class 0x00000173811a8000 'java/lang/invoke/LambdaForm$DMH+0x00000173811a8000'
Event: 52.903 Thread 0x00000173dad22540 Unloading class 0x00000173811a6c00 'java/lang/invoke/LambdaForm$DMH+0x00000173811a6c00'
Event: 157.681 Thread 0x00000173dad22540 Unloading class 0x0000017381820800 'java/lang/invoke/LambdaForm$DMH+0x0000017381820800'
Event: 157.681 Thread 0x00000173dad22540 Unloading class 0x0000017381821400 'java/lang/invoke/LambdaForm$DMH+0x0000017381821400'
Event: 157.681 Thread 0x00000173dad22540 Unloading class 0x0000017381821000 'java/lang/invoke/LambdaForm$DMH+0x0000017381821000'
Event: 157.681 Thread 0x00000173dad22540 Unloading class 0x0000017381704800 'java/lang/invoke/LambdaForm$MH+0x0000017381704800'

Classes redefined (0 events):
No events

Internal exceptions (20 events):
Event: 620.032 Thread 0x00000173e10e8f40 Exception <a 'java/lang/NoSuchMethodError'{0x00000000d57b36c8}: 'void java.lang.invoke.DirectMethodHandle$Holder.invokeStatic(java.lang.Object, java.lang.Object, java.lang.Object, java.lang.Object, java.lang.Object, java.lang.Object, java.lang.Object)'> (0x00000000d57b36c8) 
thrown [s\src\hotspot\share\interpreter\linkResolver.cpp, line 773]
Event: 620.635 Thread 0x00000173e319a850 Exception <a 'java/lang/NoSuchMethodError'{0x00000000d56b6ef8}: 'void java.lang.invoke.DirectMethodHandle$Holder.invokeStatic(java.lang.Object, java.lang.Object, int)'> (0x00000000d56b6ef8) 
thrown [s\src\hotspot\share\interpreter\linkResolver.cpp, line 773]
Event: 621.453 Thread 0x00000173e33fd170 Exception <a 'java/lang/NoSuchMethodError'{0x00000000d5900638}: 'long java.lang.invoke.DirectMethodHandle$Holder.invokeSpecial(java.lang.Object, java.lang.Object, java.lang.Object, int, int)'> (0x00000000d5900638) 
thrown [s\src\hotspot\share\interpreter\linkResolver.cpp, line 773]
Event: 621.454 Thread 0x00000173e33fd170 Exception <a 'java/lang/NoSuchMethodError'{0x00000000d5934b20}: 'java.lang.Object java.lang.invoke.Invokers$Holder.linkToTargetMethod(java.lang.Object, int, int, java.lang.Object)'> (0x00000000d5934b20) 
thrown [s\src\hotspot\share\interpreter\linkResolver.cpp, line 773]
Event: 621.815 Thread 0x00000173e33fd170 Exception <a 'java/lang/NoSuchMethodError'{0x00000000d58a3300}: 'int java.lang.invoke.DirectMethodHandle$Holder.invokeSpecial(java.lang.Object, java.lang.Object, java.lang.Object, java.lang.Object, java.lang.Object)'> (0x00000000d58a3300) 
thrown [s\src\hotspot\share\interpreter\linkResolver.cpp, line 773]
Event: 622.457 Thread 0x00000173e10e8f40 Implicit null exception at 0x00000173cf1911da to 0x00000173cf191233
Event: 622.749 Thread 0x00000173e10e8f40 Implicit null exception at 0x00000173cf6c2a5a to 0x00000173cf6c3304
Event: 622.749 Thread 0x00000173e33febb0 Implicit null exception at 0x00000173cf6c2a5a to 0x00000173cf6c3304
Event: 622.749 Thread 0x00000173e33fd170 Implicit null exception at 0x00000173cf6c2a5a to 0x00000173cf6c3304
Event: 624.076 Thread 0x00000173e10e8f40 Exception <a 'java/lang/ArrayIndexOutOfBoundsException'{0x00000000d568a0a0}> (0x00000000d568a0a0) 
thrown [s\src\hotspot\share\runtime\sharedRuntime.cpp, line 625]
Event: 655.267 Thread 0x00000173e10ea980 Exception <a 'java/lang/NoSuchMethodError'{0x00000000d576dbf0}: 'void java.lang.invoke.DirectMethodHandle$Holder.invokeSpecial(java.lang.Object, java.lang.Object, int)'> (0x00000000d576dbf0) 
thrown [s\src\hotspot\share\interpreter\linkResolver.cpp, line 773]
Event: 655.468 Thread 0x00000173e10ea980 Exception <a 'java/lang/NoSuchMethodError'{0x00000000d55dca80}: 'int java.lang.invoke.DirectMethodHandle$Holder.invokeVirtual(java.lang.Object, java.lang.Object, java.lang.Object, int)'> (0x00000000d55dca80) 
thrown [s\src\hotspot\share\interpreter\linkResolver.cpp, line 773]
Event: 655.469 Thread 0x00000173e10ea980 Implicit null exception at 0x00000173cf8d9922 to 0x00000173cf8dc58c
Event: 655.829 Thread 0x00000173e10ec3c0 Implicit null exception at 0x00000173cf80479e to 0x00000173cf807e54
Event: 657.079 Thread 0x00000173e10e8f40 Implicit null exception at 0x00000173cf80479e to 0x00000173cf807e54
Event: 657.643 Thread 0x00000173e33febb0 Implicit null exception at 0x00000173cf80479e to 0x00000173cf807e54
Event: 659.611 Thread 0x00000173e33f8940 Implicit null exception at 0x00000173cf4294e8 to 0x00000173cf429f88
Event: 659.771 Thread 0x00000173e33f8940 Exception <a 'java/lang/IncompatibleClassChangeError'{0x00000000d590d9c8}: Found class java.lang.Object, but interface was expected> (0x00000000d590d9c8) 
thrown [s\src\hotspot\share\interpreter\linkResolver.cpp, line 840]
Event: 664.649 Thread 0x00000173e1de84c0 Exception <a 'sun/nio/fs/WindowsException'{0x00000000d575ccc8}> (0x00000000d575ccc8) 
thrown [s\src\hotspot\share\prims\jni.cpp, line 520]
Event: 666.246 Thread 0x00000173e1de84c0 Exception <a 'sun/nio/fs/WindowsException'{0x00000000d5a6ff90}> (0x00000000d5a6ff90) 
thrown [s\src\hotspot\share\prims\jni.cpp, line 520]

ZGC Phase Switch (0 events):
No events

VM Operations (20 events):
Event: 664.756 Executing safepoint VM operation: ParallelGCFailedAllocation (Allocation Failure) done
Event: 664.804 Executing safepoint VM operation: ParallelGCFailedAllocation (Allocation Failure)
Event: 664.828 Executing safepoint VM operation: ParallelGCFailedAllocation (Allocation Failure) done
Event: 664.911 Executing safepoint VM operation: ParallelGCFailedAllocation (Allocation Failure)
Event: 664.956 Executing safepoint VM operation: ParallelGCFailedAllocation (Allocation Failure) done
Event: 664.995 Executing safepoint VM operation: ParallelGCFailedAllocation (Allocation Failure)
Event: 665.013 Executing safepoint VM operation: ParallelGCFailedAllocation (Allocation Failure) done
Event: 665.408 Executing safepoint VM operation: ParallelGCFailedAllocation (Allocation Failure)
Event: 665.427 Executing safepoint VM operation: ParallelGCFailedAllocation (Allocation Failure) done
Event: 665.566 Executing safepoint VM operation: ParallelGCFailedAllocation (Allocation Failure)
Event: 665.587 Executing safepoint VM operation: ParallelGCFailedAllocation (Allocation Failure) done
Event: 665.820 Executing safepoint VM operation: ParallelGCFailedAllocation (Allocation Failure)
Event: 665.822 Executing safepoint VM operation: ParallelGCFailedAllocation (Allocation Failure) done
Event: 666.012 Executing safepoint VM operation: ParallelGCFailedAllocation (Allocation Failure)
Event: 666.016 Executing safepoint VM operation: ParallelGCFailedAllocation (Allocation Failure) done
Event: 666.051 Executing safepoint VM operation: ParallelGCFailedAllocation (Allocation Failure)
Event: 666.056 Executing safepoint VM operation: ParallelGCFailedAllocation (Allocation Failure) done
Event: 666.277 Executing safepoint VM operation: ParallelGCFailedAllocation (Allocation Failure)
Event: 666.289 Executing safepoint VM operation: ParallelGCFailedAllocation (Allocation Failure) done
Event: 666.321 Executing safepoint VM operation: ParallelGCFailedAllocation (Allocation Failure)

Memory protections (0 events):
No events

Nmethod flushes (20 events):
Event: 632.506 Thread 0x00000173dad22540 flushing  nmethod 0x00000173c90fc010
Event: 632.506 Thread 0x00000173dad22540 flushing  nmethod 0x00000173c9113290
Event: 632.506 Thread 0x00000173dad22540 flushing  nmethod 0x00000173c9137690
Event: 632.506 Thread 0x00000173dad22540 flushing  nmethod 0x00000173c9139490
Event: 632.506 Thread 0x00000173dad22540 flushing  nmethod 0x00000173c9153210
Event: 632.506 Thread 0x00000173dad22540 flushing  nmethod 0x00000173c9154990
Event: 632.506 Thread 0x00000173dad22540 flushing  nmethod 0x00000173c9155490
Event: 632.506 Thread 0x00000173dad22540 flushing  nmethod 0x00000173c9156010
Event: 632.506 Thread 0x00000173dad22540 flushing  nmethod 0x00000173c9156910
Event: 632.506 Thread 0x00000173dad22540 flushing  nmethod 0x00000173c9157290
Event: 632.506 Thread 0x00000173dad22540 flushing  nmethod 0x00000173c915f890
Event: 632.506 Thread 0x00000173dad22540 flushing  nmethod 0x00000173c9160e10
Event: 632.506 Thread 0x00000173dad22540 flushing  nmethod 0x00000173c916b610
Event: 632.506 Thread 0x00000173dad22540 flushing  nmethod 0x00000173c916bd90
Event: 632.506 Thread 0x00000173dad22540 flushing  nmethod 0x00000173c9172190
Event: 632.506 Thread 0x00000173dad22540 flushing osr nmethod 0x00000173c9199090
Event: 632.506 Thread 0x00000173dad22540 flushing  nmethod 0x00000173c91a6210
Event: 632.506 Thread 0x00000173dad22540 flushing  nmethod 0x00000173c91b4010
Event: 632.506 Thread 0x00000173dad22540 flushing  nmethod 0x00000173c91f8310
Event: 632.506 Thread 0x00000173dad22540 flushing osr nmethod 0x00000173c9312590

Events (20 events):
Event: 570.150 Thread 0x00000173e48505e0 Thread exited: 0x00000173e48505e0
Event: 585.817 Thread 0x00000173dad51ab0 Thread added: 0x00000173e48505e0
Event: 586.681 Thread 0x00000173e48505e0 Thread exited: 0x00000173e48505e0
Event: 590.093 Thread 0x00000173e1de8b50 Thread added: 0x00000173e3197a60
Event: 590.540 Thread 0x00000173e1de8b50 Thread added: 0x00000173e31980f0
Event: 620.027 Thread 0x00000173e10e8f40 Thread added: 0x00000173e319a850
Event: 620.637 Thread 0x00000173e319a850 Thread added: 0x00000173e31994a0
Event: 620.676 Thread 0x00000173e319a850 Thread added: 0x00000173e319aee0
Event: 633.100 Thread 0x00000173dad35720 Thread added: 0x00000173e484eaa0
Event: 633.296 Thread 0x00000173e319aee0 Thread exited: 0x00000173e319aee0
Event: 633.296 Thread 0x00000173e31994a0 Thread exited: 0x00000173e31994a0
Event: 633.297 Thread 0x00000173e319a850 Thread exited: 0x00000173e319a850
Event: 638.636 Thread 0x00000173e484eaa0 Thread exited: 0x00000173e484eaa0
Event: 648.158 Thread 0x00000173dad51ab0 Thread added: 0x00000173e4850cb0
Event: 648.565 Thread 0x00000173e4850cb0 Thread exited: 0x00000173e4850cb0
Event: 648.683 Thread 0x00000173dad51ab0 Thread added: 0x00000173e4850cb0
Event: 649.310 Thread 0x00000173e4850cb0 Thread exited: 0x00000173e4850cb0
Event: 650.578 Thread 0x00000173e31980f0 Thread exited: 0x00000173e31980f0
Event: 664.761 Thread 0x00000173e10eb6a0 Thread added: 0x00000173e83467e0
Event: 664.984 Thread 0x00000173e10eb6a0 Thread added: 0x00000173e8346150


Dynamic libraries:
0x00007ff7b1920000 - 0x00007ff7b192e000 	c:\Users\obasi\.vscode\extensions\redhat.java-1.54.0-win32-x64\jre\21.0.10-win32-x86_64\bin\java.exe
0x00007ffd24540000 - 0x00007ffd247a7000 	C:\WINDOWS\SYSTEM32\ntdll.dll
0x00007ffd22ff0000 - 0x00007ffd230b9000 	C:\WINDOWS\System32\KERNEL32.DLL
0x00007ffd21110000 - 0x00007ffd21504000 	C:\WINDOWS\System32\KERNELBASE.dll
0x00007ffd21720000 - 0x00007ffd2186b000 	C:\WINDOWS\System32\ucrtbase.dll
0x00007ffd188a0000 - 0x00007ffd188b8000 	c:\Users\obasi\.vscode\extensions\redhat.java-1.54.0-win32-x64\jre\21.0.10-win32-x86_64\bin\jli.dll
0x00007ffd11210000 - 0x00007ffd1122e000 	c:\Users\obasi\.vscode\extensions\redhat.java-1.54.0-win32-x64\jre\21.0.10-win32-x86_64\bin\VCRUNTIME140.dll
0x00007ffd233e0000 - 0x00007ffd235a5000 	C:\WINDOWS\System32\USER32.dll
0x00007ffd0c9b0000 - 0x00007ffd0cc43000 	C:\WINDOWS\WinSxS\amd64_microsoft.windows.common-controls_6595b64144ccf1df_6.0.26100.8115_none_3e075c82e3354f9c\COMCTL32.dll
0x00007ffd20e10000 - 0x00007ffd20e37000 	C:\WINDOWS\System32\win32u.dll
0x00007ffd222d0000 - 0x00007ffd22379000 	C:\WINDOWS\System32\msvcrt.dll
0x00007ffd23bf0000 - 0x00007ffd23c1b000 	C:\WINDOWS\System32\GDI32.dll
0x00007ffd220e0000 - 0x00007ffd2220b000 	C:\WINDOWS\System32\gdi32full.dll
0x00007ffd20e40000 - 0x00007ffd20ee3000 	C:\WINDOWS\System32\msvcp_win.dll
0x00007ffd233a0000 - 0x00007ffd233d2000 	C:\WINDOWS\System32\IMM32.DLL
0x00007ffd1e5d0000 - 0x00007ffd1e5dc000 	c:\Users\obasi\.vscode\extensions\redhat.java-1.54.0-win32-x64\jre\21.0.10-win32-x86_64\bin\vcruntime140_1.dll
0x00007ffce4bb0000 - 0x00007ffce4c3d000 	c:\Users\obasi\.vscode\extensions\redhat.java-1.54.0-win32-x64\jre\21.0.10-win32-x86_64\bin\msvcp140.dll
0x00007ffc59da0000 - 0x00007ffc5ab41000 	c:\Users\obasi\.vscode\extensions\redhat.java-1.54.0-win32-x64\jre\21.0.10-win32-x86_64\bin\server\jvm.dll
0x00007ffd23d20000 - 0x00007ffd23dd6000 	C:\WINDOWS\System32\ADVAPI32.dll
0x00007ffd22d90000 - 0x00007ffd22e37000 	C:\WINDOWS\System32\sechost.dll
0x00007ffd23ad0000 - 0x00007ffd23be8000 	C:\WINDOWS\System32\RPCRT4.dll
0x00007ffd22d00000 - 0x00007ffd22d80000 	C:\WINDOWS\System32\WS2_32.dll
0x00007ffd20c90000 - 0x00007ffd20cee000 	C:\WINDOWS\SYSTEM32\POWRPROF.dll
0x00007ffd18d30000 - 0x00007ffd18d66000 	C:\WINDOWS\SYSTEM32\WINMM.dll
0x00007ffd1a650000 - 0x00007ffd1a65b000 	C:\WINDOWS\SYSTEM32\VERSION.dll
0x00007ffd20c50000 - 0x00007ffd20c64000 	C:\WINDOWS\SYSTEM32\UMPDC.dll
0x00007ffd1fba0000 - 0x00007ffd1fbbb000 	C:\WINDOWS\SYSTEM32\kernel.appcore.dll
0x00007ffd1c640000 - 0x00007ffd1c64a000 	c:\Users\obasi\.vscode\extensions\redhat.java-1.54.0-win32-x64\jre\21.0.10-win32-x86_64\bin\jimage.dll
0x00007ffd15890000 - 0x00007ffd15ad2000 	C:\WINDOWS\SYSTEM32\DBGHELP.DLL
0x00007ffd24170000 - 0x00007ffd244f2000 	C:\WINDOWS\System32\combase.dll
0x00007ffd23de0000 - 0x00007ffd23eb8000 	C:\WINDOWS\System32\OLEAUT32.dll
0x00007ffcee120000 - 0x00007ffcee15b000 	C:\WINDOWS\SYSTEM32\dbgcore.DLL
0x00007ffd20ef0000 - 0x00007ffd20f95000 	C:\WINDOWS\System32\bcryptPrimitives.dll
0x00007ffd18850000 - 0x00007ffd1885f000 	c:\Users\obasi\.vscode\extensions\redhat.java-1.54.0-win32-x64\jre\21.0.10-win32-x86_64\bin\instrument.dll
0x00007ffd11190000 - 0x00007ffd111b0000 	c:\Users\obasi\.vscode\extensions\redhat.java-1.54.0-win32-x64\jre\21.0.10-win32-x86_64\bin\java.dll
0x00007ffd22590000 - 0x00007ffd22cf7000 	C:\WINDOWS\System32\SHELL32.dll
0x00007ffd20fa0000 - 0x00007ffd2110a000 	C:\WINDOWS\System32\wintypes.dll
0x00007ffd21870000 - 0x00007ffd220d8000 	C:\WINDOWS\System32\windows.storage.dll
0x00007ffd23c20000 - 0x00007ffd23d18000 	C:\WINDOWS\System32\SHCORE.dll
0x00007ffd22e40000 - 0x00007ffd22ea6000 	C:\WINDOWS\System32\shlwapi.dll
0x00007ffd20d30000 - 0x00007ffd20d59000 	C:\WINDOWS\SYSTEM32\profapi.dll
0x00007ffd0e7e0000 - 0x00007ffd0e7f8000 	c:\Users\obasi\.vscode\extensions\redhat.java-1.54.0-win32-x64\jre\21.0.10-win32-x86_64\bin\zip.dll
0x00007ffd12bc0000 - 0x00007ffd12bd0000 	C:\Users\obasi\.vscode\extensions\redhat.java-1.54.0-win32-x64\jre\21.0.10-win32-x86_64\bin\net.dll
0x00007ffd19630000 - 0x00007ffd1975d000 	C:\WINDOWS\SYSTEM32\WINHTTP.dll
0x00007ffd20110000 - 0x00007ffd2017c000 	C:\WINDOWS\system32\mswsock.dll
0x00007ffd0e730000 - 0x00007ffd0e746000 	C:\Users\obasi\.vscode\extensions\redhat.java-1.54.0-win32-x64\jre\21.0.10-win32-x86_64\bin\nio.dll
0x00007ffd10350000 - 0x00007ffd10360000 	c:\Users\obasi\.vscode\extensions\redhat.java-1.54.0-win32-x64\jre\21.0.10-win32-x86_64\bin\verify.dll
0x00007ffcf9d60000 - 0x00007ffcf9da5000 	C:\Users\obasi\AppData\Roaming\Code\User\globalStorage\redhat.java\1.54.0\config_win\org.eclipse.equinox.launcher\org.eclipse.equinox.launcher.win32.win32.x86_64_1.3.0.v20260203-2149\eclipse_11919.dll
0x00007ffd23fd0000 - 0x00007ffd24167000 	C:\WINDOWS\System32\ole32.dll
0x00007ffd203f0000 - 0x00007ffd2040b000 	C:\WINDOWS\SYSTEM32\CRYPTSP.dll
0x00007ffd1fb00000 - 0x00007ffd1fb39000 	C:\WINDOWS\system32\rsaenh.dll
0x00007ffd201c0000 - 0x00007ffd201f3000 	C:\WINDOWS\SYSTEM32\USERENV.dll
0x00007ffd20d00000 - 0x00007ffd20d2a000 	C:\WINDOWS\SYSTEM32\bcrypt.dll
0x00007ffd20410000 - 0x00007ffd2041c000 	C:\WINDOWS\SYSTEM32\CRYPTBASE.dll
0x00007ffd1f5a0000 - 0x00007ffd1f5d2000 	C:\WINDOWS\SYSTEM32\IPHLPAPI.DLL
0x00007ffd23ac0000 - 0x00007ffd23aca000 	C:\WINDOWS\System32\NSI.dll
0x00007ffce4d20000 - 0x00007ffce4d69000 	C:\Users\obasi\AppData\Local\Temp\jna-105527236\jna2619775019771313429.dll
0x00007ffd230c0000 - 0x00007ffd230c8000 	C:\WINDOWS\System32\PSAPI.DLL
0x00007ffd1a3a0000 - 0x00007ffd1a3bd000 	C:\WINDOWS\SYSTEM32\dhcpcsvc6.DLL
0x00007ffd19480000 - 0x00007ffd194a5000 	C:\WINDOWS\SYSTEM32\dhcpcsvc.DLL
0x00007ffcfe7f0000 - 0x00007ffcfe7fe000 	C:\Users\obasi\.vscode\extensions\redhat.java-1.54.0-win32-x64\jre\21.0.10-win32-x86_64\bin\sunmscapi.dll
0x00007ffd215a0000 - 0x00007ffd21717000 	C:\WINDOWS\System32\CRYPT32.dll
0x00007ffd20610000 - 0x00007ffd20640000 	C:\WINDOWS\SYSTEM32\ncrypt.dll
0x00007ffd205c0000 - 0x00007ffd205ff000 	C:\WINDOWS\SYSTEM32\NTASN1.dll
0x00007ffd1f630000 - 0x00007ffd1f762000 	C:\WINDOWS\SYSTEM32\DNSAPI.dll
0x00007ffd197c0000 - 0x00007ffd197cb000 	C:\Windows\System32\rasadhlp.dll
0x00007ffd15c50000 - 0x00007ffd15cd6000 	C:\WINDOWS\System32\fwpuclnt.dll
0x00007ffcf9f20000 - 0x00007ffcf9f29000 	C:\Users\obasi\.vscode\extensions\redhat.java-1.54.0-win32-x64\jre\21.0.10-win32-x86_64\bin\extnet.dll
0x00007ffca14f0000 - 0x00007ffca14f8000 	C:\WINDOWS\system32\wshunix.dll

JVMTI agents:
c:\Users\obasi\.vscode\extensions\redhat.java-1.54.0-win32-x64\lombok\lombok-1.18.39-4050.jar path:c:\Users\obasi\.vscode\extensions\redhat.java-1.54.0-win32-x64\jre\21.0.10-win32-x86_64\bin\instrument.dll, loaded, initialized, instrumentlib options:none

dbghelp: loaded successfully - version: 4.0.5 - missing functions: none
symbol engine: initialized successfully - sym options: 0x614 - pdb path: .;c:\Users\obasi\.vscode\extensions\redhat.java-1.54.0-win32-x64\jre\21.0.10-win32-x86_64\bin;C:\WINDOWS\SYSTEM32;C:\WINDOWS\WinSxS\amd64_microsoft.windows.common-controls_6595b64144ccf1df_6.0.26100.8115_none_3e075c82e3354f9c;c:\Users\obasi\.vscode\extensions\redhat.java-1.54.0-win32-x64\jre\21.0.10-win32-x86_64\bin\server;C:\Users\obasi\AppData\Roaming\Code\User\globalStorage\redhat.java\1.54.0\config_win\org.eclipse.equinox.launcher\org.eclipse.equinox.launcher.win32.win32.x86_64_1.3.0.v20260203-2149;C:\Users\obasi\AppData\Local\Temp\jna-105527236

VM Arguments:
jvm_args: --add-modules=ALL-SYSTEM --add-opens=java.base/java.util=ALL-UNNAMED --add-opens=java.base/java.lang=ALL-UNNAMED --add-opens=java.base/sun.nio.fs=ALL-UNNAMED -Declipse.application=org.eclipse.jdt.ls.core.id1 -Dosgi.bundles.defaultStartLevel=4 -Declipse.product=org.eclipse.jdt.ls.core.product -Djava.import.generatesMetadataFilesAtProjectRoot=false -DDetectVMInstallationsJob.disabled=true -Dfile.encoding=utf8 -XX:+UseParallelGC -XX:GCTimeRatio=4 -XX:AdaptiveSizePolicyWeight=90 -Dsun.zip.disableMemoryMapping=true -Xmx2G -Xms100m -Xlog:disable -javaagent:c:\Users\obasi\.vscode\extensions\redhat.java-1.54.0-win32-x64\lombok\lombok-1.18.39-4050.jar -XX:+HeapDumpOnOutOfMemoryError -XX:HeapDumpPath=c:\Users\obasi\AppData\Roaming\Code\User\workspaceStorage\3ad57f5d358d6868c594df31e39f6e94\redhat.java -Daether.dependencyCollector.impl=bf 
java_command: c:\Users\obasi\.vscode\extensions\redhat.java-1.54.0-win32-x64\server\plugins\org.eclipse.equinox.launcher_1.7.100.v20251111-0406.jar -configuration c:\Users\obasi\AppData\Roaming\Code\User\globalStorage\redhat.java\1.54.0\config_win -data c:\Users\obasi\AppData\Roaming\Code\User\workspaceStorage\3ad57f5d358d6868c594df31e39f6e94\redhat.java\jdt_ws --pipe=\\.\pipe\lsp-5c587f7dc28e301ee6c280f4135219e1-sock
java_class_path (initial): c:\Users\obasi\.vscode\extensions\redhat.java-1.54.0-win32-x64\server\plugins\org.eclipse.equinox.launcher_1.7.100.v20251111-0406.jar
Launcher Type: SUN_STANDARD

[Global flags]
    uintx AdaptiveSizePolicyWeight                 = 90                                        {product} {command line}
     intx CICompilerCount                          = 4                                         {product} {ergonomic}
    uintx GCTimeRatio                              = 4                                         {product} {command line}
     bool HeapDumpOnOutOfMemoryError               = true                                   {manageable} {command line}
    ccstr HeapDumpPath                             = c:\Users\obasi\AppData\Roaming\Code\User\workspaceStorage\3ad57f5d358d6868c594df31e39f6e94\redhat.java         {manageable} {command line}
   size_t InitialHeapSize                          = 104857600                                 {product} {command line}
   size_t MaxHeapSize                              = 2147483648                                {product} {command line}
   size_t MaxNewSize                               = 715653120                                 {product} {ergonomic}
   size_t MinHeapDeltaBytes                        = 524288                                    {product} {ergonomic}
   size_t MinHeapSize                              = 104857600                                 {product} {command line}
   size_t NewSize                                  = 34603008                                  {product} {ergonomic}
    uintx NonNMethodCodeHeapSize                   = 5839372                                {pd product} {ergonomic}
    uintx NonProfiledCodeHeapSize                  = 122909434                              {pd product} {ergonomic}
   size_t OldSize                                  = 70254592                                  {product} {ergonomic}
    uintx ProfiledCodeHeapSize                     = 122909434                              {pd product} {ergonomic}
    uintx ReservedCodeCacheSize                    = 251658240                              {pd product} {ergonomic}
     bool SegmentedCodeCache                       = true                                      {product} {ergonomic}
   size_t SoftMaxHeapSize                          = 2147483648                             {manageable} {ergonomic}
     bool UseCompressedOops                        = true                           {product lp64_product} {ergonomic}
     bool UseLargePagesIndividualAllocation        = false                                  {pd product} {ergonomic}
     bool UseParallelGC                            = true                                      {product} {command line}

Logging:
Log output configuration:
 #0: stdout all=off uptime,level,tags foldmultilines=false
 #1: stderr all=off uptime,level,tags foldmultilines=false

Release file:
JAVA_VERSION="21.0.10" 
MODULES="java.base java.compiler java.datatransfer java.xml java.prefs java.desktop java.instrument java.logging java.management java.security.sasl java.naming java.rmi java.management.rmi java.net.http java.scripting java.security.jgss java.transaction.xa java.sql java.sql.rowset java.xml.crypto java.se java.smartcardio jdk.accessibility jdk.internal.jvmstat jdk.attach jdk.charsets jdk.internal.opt jdk.zipfs jdk.compiler jdk.crypto.ec jdk.crypto.cryptoki jdk.crypto.mscapi jdk.dynalink jdk.internal.ed jdk.editpad jdk.hotspot.agent jdk.httpserver jdk.internal.le jdk.internal.vm.ci jdk.internal.vm.compiler jdk.internal.vm.compiler.management jdk.jartool jdk.javadoc jdk.jcmd jdk.management jdk.management.agent jdk.jconsole jdk.jdeps jdk.jdwp.agent jdk.jdi jdk.jfr jdk.jshell jdk.jsobject jdk.jstatd jdk.localedata jdk.management.jfr jdk.naming.dns jdk.naming.rmi jdk.net jdk.nio.mapmode jdk.random jdk.sctp jdk.security.auth jdk.security.jgss jdk.unsupported jdk.unsupported.desktop jdk.xml.dom" 

Environment Variables:
PATH=C:\Program Files\Common Files\Oracle\Java\javapath;C:\app\obasi\product\21c\dbhomeXE\bin;C:\ProgramData\Oracle\Java\javapath;C:\WINDOWS\system32;C:\WINDOWS;C:\WINDOWS\System32\Wbem;C:\WINDOWS\System32\WindowsPowerShell\v1.0\;C:\WINDOWS\System32\OpenSSH\;C:\Program Files\dotnet\;C:\Program Files\PuTTY\;C:\Users\obasi\AppData\Local\Programs\Python\Launcher\;C:\Users\obasi\AppData\Local\Microsoft\WindowsApps;C:\Users\obasi\AppData\Local\Programs\Microsoft VS Code\bin;C:\terraform.zip;C:\Users\obasi\AppData\Local\GitHubDesktop\bin
USERNAME=obasi
OS=Windows_NT
PROCESSOR_IDENTIFIER=AMD64 Family 23 Model 24 Stepping 1, AuthenticAMD
TMP=C:\Users\obasi\AppData\Local\Temp
TEMP=C:\Users\obasi\AppData\Local\Temp




Periodic native trim disabled

---------------  S Y S T E M  ---------------

OS:
 Windows 11 , 64 bit Build 26100 (10.0.26100.8246)
OS uptime: 14 days 15:52 hours

CPU: total 8 (initial active 8) (8 cores per cpu, 2 threads per core) family 23 model 24 stepping 1 microcode 0x810810e, cx8, cmov, fxsr, ht, mmx, 3dnowpref, sse, sse2, sse3, ssse3, sse4a, sse4.1, sse4.2, popcnt, lzcnt, tsc, tscinvbit, avx, avx2, aes, clmul, bmi1, bmi2, adx, sha, fma, vzeroupper, clflush, clflushopt, rdtscp, f16c
Processor Information for the first 8 processors :
  Max Mhz: 2100, Current Mhz: 2100, Mhz Limit: 2100

Memory: 4k page, system-wide physical 6030M (280M free)
TotalPageFile size 24462M (AvailPageFile size 2M)
current process WorkingSet (physical memory assigned to process): 373M, peak: 672M
current process commit charge ("private bytes"): 1302M, peak: 1315M

vm_info: OpenJDK 64-Bit Server VM (21.0.10+7-LTS) for windows-amd64 JRE (21.0.10+7-LTS), built on 2026-01-20T00:00:00Z by "admin" with MS VC++ 17.12 (VS2022)

END.
